[greboid/irc] greboid pushed 1 commits to refs/heads/master - https://github.com/greboid/irc/compare/e2a9a5c7eda1...80a1e1688959
[greboid/irc] greboid committed ae2000 - Put github_secret in example compose