[greboid/ig] dependabot-preview[bot] pushed 0 commits to refs/heads/dependabot/gradle/org.jetbrains.kotlin-kotlin-gradle-plugin-1.3.71 - https://github.com/greboid/ig/compare/4a22fe3bf1ff...000000000000