[greboid/irc] greboid pushed 2 commits to refs/heads/master - https://github.com/greboid/irc/compare/020a158c950e...1253a1cd6d39
[greboid/irc] csmith committed 8a502f - Support setting the client's realname.
[greboid/irc] greboid committed 2eb7ed - Merge pull request #8 from csmith/support-realname