[greboid/irc] greboid closed issue [BUG] Panic when using streaming API - https://github.com/greboid/irc/issues/9