[greboid/irc] csmith create issue: [BUG] GitHub: new branches say "from <nothing>" -  https://github.com/greboid/irc/issues/5