[greboid/irc] greboid commented on issue GitHub: Handle pull requests - https://github.com/greboid/irc/issues/6