[greboid/irc] greboid created tag v1.2.0 from branch master - https://github.com/greboid/irc/compare/v1.2.0